[debug] [2025-09-04T12:19:37.525Z] ----------------------------------------------------------------------
[debug] [2025-09-04T12:19:37.528Z] Command:       /nix/store/ws50yvm6vzlzf7jzz6n7xh4szddrack1-nodejs-20.19.1/bin/node /nix/store/ddncjx4vr7n8ighdsnmviznfzlpb3d54-firebase-tools-14.15.1/lib/node_modules/firebase-tools/lib/bin/firebase.js init hosting
[debug] [2025-09-04T12:19:37.529Z] CLI Version:   14.15.1
[debug] [2025-09-04T12:19:37.529Z] Platform:      linux
[debug] [2025-09-04T12:19:37.529Z] Node Version:  v20.19.1
[debug] [2025-09-04T12:19:37.529Z] Time:          Thu Sep 04 2025 12:19:37 GMT+0000 (Coordinated Universal Time)
[debug] [2025-09-04T12:19:37.530Z] ----------------------------------------------------------------------
[debug] 
[debug] [2025-09-04T12:19:37.536Z] No OAuth tokens found
[debug] [2025-09-04T12:19:37.536Z] No OAuth tokens found
[error] Failed to fetch Firebase Project from current Studio Workspace: Unable to refresh auth: not yet authenticated.
[debug] [2025-09-04T12:19:37.541Z] > command requires scopes: ["email","openid","https://www.googleapis.com/auth/cloudplatformprojects.readonly","https://www.googleapis.com/auth/firebase","https://www.googleapis.com/auth/cloud-platform","https://www.googleapis.com/auth/userinfo.email"]
[debug] [2025-09-04T12:19:37.542Z] > authorizing via signed-in user (1985.medsh@gmail.com)
[info] 
     ######## #### ########  ######## ########     ###     ######  ########
     ##        ##  ##     ## ##       ##     ##  ##   ##  ##       ##
     ######    ##  ########  ######   ########  #########  ######  ######
     ##        ##  ##    ##  ##       ##     ## ##     ##       ## ##
     ##       #### ##     ## ######## ########  ##     ##  ######  ########

You're about to initialize a Firebase project in this directory:

  /home/user/Treasury-Bond-Visualizer

[info] 
=== Project Setup
[info] 
[info] First, let's associate this project directory with a Firebase project.
[info] You can create multiple project aliases by running firebase use --add, 
[info] but for now we'll just set up a default project.
[info] 
[debug] [2025-09-04T12:19:37.546Z] Using project from CLI flag: driveassist-wkt2s
[debug] [2025-09-04T12:19:37.547Z] No OAuth tokens found
[debug] [2025-09-04T12:19:37.547Z] No OAuth tokens found
[debug] [2025-09-04T12:19:37.547Z] > command requires scopes: ["email","openid","https://www.googleapis.com/auth/cloudplatformprojects.readonly","https://www.googleapis.com/auth/firebase","https://www.googleapis.com/auth/cloud-platform","https://www.googleapis.com/auth/userinfo.email"]
[debug] [2025-09-04T12:19:37.547Z] > authorizing via signed-in user (1985.medsh@gmail.com)
[debug] [2025-09-04T12:19:37.551Z] >>> [apiv2][query] GET https://firebase.googleapis.com/v1beta1/projects/driveassist-wkt2s [none]
[debug] [2025-09-04T12:19:37.855Z] <<< [apiv2][status] GET https://firebase.googleapis.com/v1beta1/projects/driveassist-wkt2s 200
[debug] [2025-09-04T12:19:37.856Z] <<< [apiv2][body] GET https://firebase.googleapis.com/v1beta1/projects/driveassist-wkt2s {"projectId":"driveassist-wkt2s","projectNumber":"78828840525","displayName":"DriveAssist","name":"projects/driveassist-wkt2s","resources":{"hostingSite":"driveassist-wkt2s"},"state":"ACTIVE","etag":"1_b9ca7b39-447c-49af-877b-eda706220f1c"}
[info] i  Using project driveassist-wkt2s (DriveAssist) 
[info] 
=== Hosting Setup
[debug] [2025-09-04T12:19:37.868Z] No OAuth tokens found
[debug] [2025-09-04T12:19:37.868Z] No OAuth tokens found
[debug] [2025-09-04T12:19:37.868Z] > command requires scopes: ["email","openid","https://www.googleapis.com/auth/cloudplatformprojects.readonly","https://www.googleapis.com/auth/firebase","https://www.googleapis.com/auth/cloud-platform","https://www.googleapis.com/auth/userinfo.email"]
[debug] [2025-09-04T12:19:37.868Z] > authorizing via signed-in user (1985.medsh@gmail.com)
[debug] [2025-09-04T12:19:37.869Z] >>> [apiv2][query] GET https://firebase.googleapis.com/v1beta1/projects/driveassist-wkt2s [none]
[debug] [2025-09-04T12:19:38.065Z] <<< [apiv2][status] GET https://firebase.googleapis.com/v1beta1/projects/driveassist-wkt2s 200
[debug] [2025-09-04T12:19:38.065Z] <<< [apiv2][body] GET https://firebase.googleapis.com/v1beta1/projects/driveassist-wkt2s {"projectId":"driveassist-wkt2s","projectNumber":"78828840525","displayName":"DriveAssist","name":"projects/driveassist-wkt2s","resources":{"hostingSite":"driveassist-wkt2s"},"state":"ACTIVE","etag":"1_b9ca7b39-447c-49af-877b-eda706220f1c"}
[info] 
[info] Your public directory is the folder (relative to your project directory) that
[info] will contain Hosting assets to be uploaded with firebase deploy. If you
[info] have a build process for your assets, use your build's output directory.
[info] 
[debug] [2025-09-04T12:20:04.203Z] >>> [apiv2][query] GET https://www.gstatic.com/firebasejs/releases.json [none]
[debug] [2025-09-04T12:20:04.224Z] <<< [apiv2][status] GET https://www.gstatic.com/firebasejs/releases.json 200
[debug] [2025-09-04T12:20:04.224Z] <<< [apiv2][body] GET https://www.gstatic.com/firebasejs/releases.json {"current":{"version":"12.2.1","browserURL":"https://www.gstatic.com/firebasejs/12.2.1/firebase.js","packageURL":"https://www.gstatic.com/firebasejs/12.2.1/firebase.tgz"},"live":{"version":"12.2","browserURL":"https://www.gstatic.com/firebasejs/live/12.2/firebase.js","packageURL":"https://www.gstatic.com/firebasejs/live/12.2/firebase.tgz"},"components":{"ai":"https://www.gstatic.com/firebasejs/12.2.1/firebase-ai.js","analytics":"https://www.gstatic.com/firebasejs/12.2.1/firebase-analytics.js","app":"https://www.gstatic.com/firebasejs/12.2.1/firebase-app.js","app-check":"https://www.gstatic.com/firebasejs/12.2.1/firebase-app-check.js","auth":"https://www.gstatic.com/firebasejs/12.2.1/firebase-auth.js","auth/cordova":"https://www.gstatic.com/firebasejs/12.2.1/firebase-auth/cordova.js","auth/web-extension":"https://www.gstatic.com/firebasejs/12.2.1/firebase-auth/web-extension.js","functions":"https://www.gstatic.com/firebasejs/12.2.1/firebase-functions.js","firestore":"https://www.gstatic.com/firebasejs/12.2.1/firebase-firestore.js","firestore/lite":"https://www.gstatic.com/firebasejs/12.2.1/firebase-firestore/lite.js","installations":"https://www.gstatic.com/firebasejs/12.2.1/firebase-installations.js","storage":"https://www.gstatic.com/firebasejs/12.2.1/firebase-storage.js","performance":"https://www.gstatic.com/firebasejs/12.2.1/firebase-performance.js","remote-config":"https://www.gstatic.com/firebasejs/12.2.1/firebase-remote-config.js","messaging":"https://www.gstatic.com/firebasejs/12.2.1/firebase-messaging.js","messaging/sw":"https://www.gstatic.com/firebasejs/12.2.1/firebase-messaging/sw.js","database":"https://www.gstatic.com/firebasejs/12.2.1/firebase-database.js","data-connect":"https://www.gstatic.com/firebasejs/12.2.1/firebase-data-connect.js","firestore.memory":"https://www.gstatic.com/firebasejs/12.2.1/firebase-firestore.memory.js"}}
[info] ✔  Wrote public/index.html 
[info] 
[info] i  Detected a .git folder at /home/user/Treasury-Bond-Visualizer 
[info] i  Authorizing with GitHub to upload your service account to a GitHub repository's secrets store. 
[info] 
[info] Visit this URL on this device to log in:
[info] https://github.com/login/oauth/authorize?client_id=89cf50f02ac6aaed3484&state=820384090&redirect_uri=http%3A%2F%2Flocalhost%3A9005&scope=read%3Auser%20repo%20public_repo
[info] 
[info] Waiting for authentication...
